To honour the JVM settings for this build a single-use Daemon process will be forked. For more on this, please refer to https://docs.gradle.org/9.6.0/userguide/gradle_daemon.html#sec:disabling_the_daemon in the Gradle documentation.
Daemon will be stopped at the end of the build 

> Configure project :
Fabric Loom: 1.17.21

> Task :compileJava FROM-CACHE
> Task :processResources NO-SOURCE
> Task :classes UP-TO-DATE
> Task :compileSodiumStubJava FROM-CACHE
> Task :processSodiumStubResources NO-SOURCE
> Task :sodiumStubClasses UP-TO-DATE
> Task :compileMinecraftJava FROM-CACHE
> Task :generateLavaFlowVersion
> Task :processMinecraftResources
> Task :minecraftClasses
> Task :processIncludeJars
> Task :jar
> Task :compileMinecraftTestJava FROM-CACHE
> Task :startScripts
> Task :distTar
> Task :distZip
> Task :assemble
> Task :processMinecraftTestResources NO-SOURCE
> Task :minecraftTestClasses UP-TO-DATE
> Task :minecraftTest FROM-CACHE
> Task :compileTestJava FROM-CACHE
> Task :processTestResources NO-SOURCE
> Task :testClasses UP-TO-DATE
> Task :test FROM-CACHE
> Task :validateAccessWidener NO-SOURCE
> Task :check UP-TO-DATE
> Task :build

[Incubating] Problems report is available at: file:///1/LavaFlow-Fabric-a11y/build/reports/problems/problems-report.html

Deprecated Gradle features were used in this build, making it incompatible with Gradle 10.

You can use '--warning-mode all' to show the individual deprecation warnings and determine if they come from your own scripts or plugins.

For more on this, please refer to https://docs.gradle.org/9.6.0/userguide/command_line_interface.html#sec:command_line_warnings in the Gradle documentation.

BUILD SUCCESSFUL in 47s
14 actionable tasks: 7 executed, 7 from cache
